[symbls.wordpress.com/index.html]
[backblue.gif]
[fade.gif]
[index.html]
[symbls.wordpress.com/xmlrpc0db0.php]
[symbls.wordpress.com/osd.xml]
[symbls.wordpress.com/feed/index.html]
[symbls.wordpress.com/index.html]
[symbls.wordpress.com/xmlrpc.php]
[symbls.wordpress.com/wp-content/plugins/ie-sitemode/custom-jumplist.php]
[symbls.wordpress.com/overview-page/index.html]
[symbls.wordpress.com/invited-speakers/index.html]
[symbls.wordpress.com/programme/index.html]
[symbls.wordpress.com/venue/index.html]
[symbls.wordpress.com/registration/index.html]
[symbls.wordpress.com/2015/05/24/overview/index.html]
[symbls.wordpress.com/author/symbls2015/index.html]
[symbls.wordpress.com/symbls-2013/index.html]
[symbls.wordpress.com/indexdd8f.html]
[symbls.wordpress.com/comments/feed/index.html]
[symbls.wordpress.com/indexdd8f.html]
[symbls.wordpress.com/overview-page/index.html]
[symbls.wordpress.com/invited-speakers/index.html]
[symbls.wordpress.com/programme/index.html]
[symbls.wordpress.com/venue/index.html]
[symbls.wordpress.com/overview-page/feed/index.html]
[symbls.wordpress.com/registration/index.html]
[symbls.wordpress.com/2015/05/24/overview/index.html]
[symbls.wordpress.com/symbls-2013/index.html]
[symbls.wordpress.com/author/symbls2015/index.html]
[symbls.wordpress.com/invited-speakers/feed/index.html]
[symbls.wordpress.com/overview-page/index9a7b.html]
[symbls.wordpress.com/overview-page/index5a58.html]
[symbls.wordpress.com/programme/feed/index.html]
[symbls.wordpress.com/overview-page/index386f.html]
[symbls.wordpress.com/venue/feed/index.html]
[symbls.wordpress.com/overview-page/indexcce0.html]
[symbls.wordpress.com/invited-speakers/index9a7b.html]
[symbls.wordpress.com/invited-speakers/index5a58.html]
[symbls.wordpress.com/invited-speakers/index386f.html]
[symbls.wordpress.com/invited-speakers/indexcce0.html]
[symbls.wordpress.com/registration/feed/index.html]
[symbls.wordpress.com/venue/index9a7b.html]
[symbls.wordpress.com/venue/index5a58.html]
[symbls.wordpress.com/venue/index386f.html]
[symbls.wordpress.com/venue/indexcce0.html]
[symbls.wordpress.com/registration/index9a7b.html]
[symbls.wordpress.com/registration/index5a58.html]
[symbls.wordpress.com/registration/index386f.html]
[symbls.wordpress.com/registration/indexcce0.html]
[symbls.wordpress.com/2015/05/24/overview/index9a7b.html]
[symbls.wordpress.com/2015/05/24/overview/index5a58.html]
[symbls.wordpress.com/2015/05/24/overview/index386f.html]
[symbls.wordpress.com/symbls-2013/feed/index.html]
[symbls.wordpress.com/author/symbls2015/feed/index.html]
[symbls.wordpress.com/2015/05/24/overview/indexcce0.html]
[symbls.wordpress.com/symbls-2013/index9a7b.html]
[symbls.wordpress.com/symbls-2013/index5a58.html]
[symbls.wordpress.com/symbls-2013/index386f.html]
[symbls.wordpress.com/symbls-2013/indexcce0.html]
